// Jest Snapshot v1, https://goo.gl/fbAQLP

exports[`DatePicker Snapshot 1`] = `
<DocumentFragment>
  <div
    class="QxDatePickerBlock QxDatePickerBlock_countWeeksInMonth_5 QxDatePickerBlock_borderRadius_small QxDatePickerBlock_size_large css-zgwuzx-QxDatePickerBlock-root"
  >
    <div
      class="QxDatePickerBlock-content css-jybi1u-QxDatePickerBlock-content"
    >
      <div
        class="QxDatePickerBlock-leftContent css-1ercudb-QxDatePickerBlock-leftContent"
      >
        <div
          class="QxHeaderDatePicker QxHeaderDatePicker_size_large css-segbkv-QxHeaderDatePicker-root"
        >
          <div
            class="QxHeaderDropdownDatePicker QxHeaderDropdownDatePicker_size_large QxHeaderDropdownDatePicker_borderRadius_small css-8kvqtz-QxHeaderDropdownDatePicker-root"
          >
            Сентябрь
            <svg
              class="QxHeaderDropdownDatePicker-dropdownArrow css-1sk6p28-QxHeaderDropdownDatePicker-dropdownArrow"
              fill="none"
              height="24"
              viewBox="0 0 24 24"
              width="24"
              xmlns="http://www.w3.org/2000/svg"
            >
              <path
                clip-rule="evenodd"
                d="M5.29582 8.29485C5.68635 7.90432 6.31951 7.90432 6.71004 8.29485L11.436 13.0208C11.7027 13.2875 11.836 13.4208 12.0017 13.4208C12.1674 13.4208 12.3007 13.2875 12.5674 13.0208L17.2928 8.29489C17.6833 7.90434 18.3164 7.9043 18.707 8.29481C19.0975 8.68531 19.0976 9.31847 18.7071 9.70902L12.7089 15.7079C12.5214 15.8954 12.267 16.0008 12.0018 16.0008C11.7366 16.0008 11.4822 15.8954 11.2947 15.7079L5.29582 9.70906C4.9053 9.31854 4.9053 8.68537 5.29582 8.29485Z"
                fill="currentColor"
                fill-rule="evenodd"
              />
            </svg>
          </div>
          <div
            class="QxHeaderDropdownDatePicker QxHeaderDropdownDatePicker_size_large QxHeaderDropdownDatePicker_borderRadius_small css-8kvqtz-QxHeaderDropdownDatePicker-root"
          >
            2022
            <svg
              class="QxHeaderDropdownDatePicker-dropdownArrow css-1sk6p28-QxHeaderDropdownDatePicker-dropdownArrow"
              fill="none"
              height="24"
              viewBox="0 0 24 24"
              width="24"
              xmlns="http://www.w3.org/2000/svg"
            >
              <path
                clip-rule="evenodd"
                d="M5.29582 8.29485C5.68635 7.90432 6.31951 7.90432 6.71004 8.29485L11.436 13.0208C11.7027 13.2875 11.836 13.4208 12.0017 13.4208C12.1674 13.4208 12.3007 13.2875 12.5674 13.0208L17.2928 8.29489C17.6833 7.90434 18.3164 7.9043 18.707 8.29481C19.0975 8.68531 19.0976 9.31847 18.7071 9.70902L12.7089 15.7079C12.5214 15.8954 12.267 16.0008 12.0018 16.0008C11.7366 16.0008 11.4822 15.8954 11.2947 15.7079L5.29582 9.70906C4.9053 9.31854 4.9053 8.68537 5.29582 8.29485Z"
                fill="currentColor"
                fill-rule="evenodd"
              />
            </svg>
          </div>
        </div>
        <div
          class="css-1i9dhk6-QxDatePickerBlock-calendar"
        >
          <div
            class="QxMonthBlock QxMonthBlock_size_large QxMonthBlock_borderRadius_small css-5z6lei-QxMonthBlock-root"
          >
            <div
              class="QxMonthBlock-weekdayContainer css-169uqfm-QxMonthBlock-weekdayContainer"
            >
              Пн
            </div>
            <div
              class="QxOffsetDayBlock QxOffsetDayBlock_size_large QxOffsetDayBlock_isHoveredPeriod QxOffsetDayBlock_isWeekdayName css-1i4h695-QxOffsetDayBlock-root"
            />
            <div
              class="QxMonthBlock-weekdayContainer css-169uqfm-QxMonthBlock-weekdayContainer"
            >
              Вт
            </div>
            <div
              class="QxOffsetDayBlock QxOffsetDayBlock_size_large QxOffsetDayBlock_isHoveredPeriod QxOffsetDayBlock_isWeekdayName css-1i4h695-QxOffsetDayBlock-root"
            />
            <div
              class="QxMonthBlock-weekdayContainer css-169uqfm-QxMonthBlock-weekdayContainer"
            >
              Ср
            </div>
            <div
              class="QxOffsetDayBlock QxOffsetDayBlock_size_large QxOffsetDayBlock_isHoveredPeriod QxOffsetDayBlock_isWeekdayName css-1i4h695-QxOffsetDayBlock-root"
            />
            <div
              class="QxMonthBlock-weekdayContainer css-169uqfm-QxMonthBlock-weekdayContainer"
            >
              Чт
            </div>
            <div
              class="QxOffsetDayBlock QxOffsetDayBlock_size_large QxOffsetDayBlock_isHoveredPeriod QxOffsetDayBlock_isWeekdayName css-1i4h695-QxOffsetDayBlock-root"
            />
            <div
              class="QxMonthBlock-weekdayContainer css-169uqfm-QxMonthBlock-weekdayContainer"
            >
              Пт
            </div>
            <div
              class="QxOffsetDayBlock QxOffsetDayBlock_size_large QxOffsetDayBlock_isHoveredPeriod QxOffsetDayBlock_isWeekdayName css-1i4h695-QxOffsetDayBlock-root"
            />
            <div
              class="QxMonthBlock-weekdayContainer css-169uqfm-QxMonthBlock-weekdayContainer"
            >
              Сб
            </div>
            <div
              class="QxOffsetDayBlock QxOffsetDayBlock_size_large QxOffsetDayBlock_isHoveredPeriod QxOffsetDayBlock_isWeekdayName css-1i4h695-QxOffsetDayBlock-root"
            />
            <div
              class="QxMonthBlock-weekdayContainer css-169uqfm-QxMonthBlock-weekdayContainer"
            >
              Вс
            </div>
            <div
              class="QxDayBlock QxDayBlock_size_large QxDayBlock_borderRadius_small QxDayBlock_isDayTrusted QxDayBlock_isHoveredPeriod QxDayBlock_type_PICKER css-y19mdj-QxDayBlock-root"
            >
              <div
                class="QxDayBlock-dayContainer css-1gk70tr-QxDayBlock-dayContainer"
              >
                <button
                  class="QxDayBlock-day css-hnlr5q-QxDayBlock-day"
                  type="button"
                >
                  <time
                    datetime="2022-08-29 00:00"
                  >
                    29
                  </time>
                </button>
              </div>
            </div>
            <div
              class="QxOffsetDayBlock QxOffsetDayBlock_size_large QxOffsetDayBlock_isHoveredPeriod css-1i4h695-QxOffsetDayBlock-root"
            />
            <div
              class="QxDayBlock QxDayBlock_size_large QxDayBlock_borderRadius_small QxDayBlock_numDay_1 QxDayBlock_isDayTrusted QxDayBlock_isHoveredPeriod QxDayBlock_type_PICKER css-y19mdj-QxDayBlock-root"
            >
              <div
                class="QxDayBlock-dayContainer css-1u7faut-QxDayBlock-dayContainer"
              >
                <button
                  class="QxDayBlock-day css-hnlr5q-QxDayBlock-day"
                  type="button"
                >
                  <time
                    datetime="2022-08-30 00:00"
                  >
                    30
                  </time>
                </button>
              </div>
            </div>
            <div
              class="QxOffsetDayBlock QxOffsetDayBlock_size_large QxOffsetDayBlock_isHoveredPeriod css-1i4h695-QxOffsetDayBlock-root"
            />
            <div
              class="QxDayBlock QxDayBlock_size_large QxDayBlock_borderRadius_small QxDayBlock_numDay_2 QxDayBlock_isDayTrusted QxDayBlock_isHoveredPeriod QxDayBlock_type_PICKER css-y19mdj-QxDayBlock-root"
            >
              <div
                class="QxDayBlock-dayContainer css-1u7faut-QxDayBlock-dayContainer"
              >
                <button
                  class="QxDayBlock-day css-hnlr5q-QxDayBlock-day"
                  type="button"
                >
                  <time
                    datetime="2022-08-31 00:00"
                  >
                    31
                  </time>
                </button>
              </div>
            </div>
            <div
              class="QxOffsetDayBlock QxOffsetDayBlock_size_large QxOffsetDayBlock_isHoveredPeriod css-1i4h695-QxOffsetDayBlock-root"
            />
            <div
              class="QxDayBlock QxDayBlock_size_large QxDayBlock_borderRadius_small QxDayBlock_numDay_3 QxDayBlock_isDayTrusted QxDayBlock_isHoveredPeriod QxDayBlock_isDayInViewableMonth QxDayBlock_type_PICKER css-y19mdj-QxDayBlock-root"
            >
              <div
                class="QxDayBlock-dayContainer css-1u7faut-QxDayBlock-dayContainer"
              >
                <button
                  class="QxDayBlock-day css-t0avhv-QxDayBlock-day"
                  type="button"
                >
                  <time
                    datetime="2022-09-01 00:00"
                  >
                    1
                  </time>
                </button>
              </div>
            </div>
            <div
              class="QxOffsetDayBlock QxOffsetDayBlock_size_large QxOffsetDayBlock_isHoveredPeriod css-1i4h695-QxOffsetDayBlock-root"
            />
            <div
              class="QxDayBlock QxDayBlock_size_large QxDayBlock_borderRadius_small QxDayBlock_numDay_4 QxDayBlock_isDayTrusted QxDayBlock_isHoveredPeriod QxDayBlock_isDayInViewableMonth QxDayBlock_type_PICKER css-y19mdj-QxDayBlock-root"
            >
              <div
                class="QxDayBlock-dayContainer css-1u7faut-QxDayBlock-dayContainer"
              >
                <button
                  class="QxDayBlock-day css-t0avhv-QxDayBlock-day"
                  type="button"
                >
                  <time
                    datetime="2022-09-02 00:00"
                  >
                    2
                  </time>
                </button>
              </div>
            </div>
            <div
              class="QxOffsetDayBlock QxOffsetDayBlock_size_large QxOffsetDayBlock_isHoveredPeriod css-1i4h695-QxOffsetDayBlock-root"
            />
            <div
              class="QxDayBlock QxDayBlock_size_large QxDayBlock_borderRadius_small QxDayBlock_numDay_5 QxDayBlock_isDayTrusted QxDayBlock_isHoveredPeriod QxDayBlock_isDayInViewableMonth QxDayBlock_type_PICKER css-y19mdj-QxDayBlock-root"
            >
              <div
                class="QxDayBlock-dayContainer css-1u7faut-QxDayBlock-dayContainer"
              >
                <button
                  class="QxDayBlock-day css-t0avhv-QxDayBlock-day"
                  type="button"
                >
                  <time
                    datetime="2022-09-03 00:00"
                  >
                    3
                  </time>
                </button>
              </div>
            </div>
            <div
              class="QxOffsetDayBlock QxOffsetDayBlock_size_large QxOffsetDayBlock_isHoveredPeriod css-1i4h695-QxOffsetDayBlock-root"
            />
            <div
              class="QxDayBlock QxDayBlock_size_large QxDayBlock_borderRadius_small QxDayBlock_numDay_6 QxDayBlock_isDayTrusted QxDayBlock_isHoveredPeriod QxDayBlock_isDayInViewableMonth QxDayBlock_type_PICKER css-y19mdj-QxDayBlock-root"
            >
              <div
                class="QxDayBlock-dayContainer css-g55n9x-QxDayBlock-dayContainer"
              >
                <button
                  class="QxDayBlock-day css-t0avhv-QxDayBlock-day"
                  type="button"
                >
                  <time
                    datetime="2022-09-04 00:00"
                  >
                    4
                  </time>
                </button>
              </div>
            </div>
            <div
              class="QxDayBlock QxDayBlock_size_large QxDayBlock_borderRadius_small QxDayBlock_isDayTrusted QxDayBlock_isHoveredPeriod QxDayBlock_isDayInViewableMonth QxDayBlock_type_PICKER css-y19mdj-QxDayBlock-root"
            >
              <div
                class="QxDayBlock-dayContainer css-1gk70tr-QxDayBlock-dayContainer"
              >
                <button
                  class="QxDayBlock-day css-t0avhv-QxDayBlock-day"
                  type="button"
                >
                  <time
                    datetime="2022-09-05 00:00"
                  >
                    5
                  </time>
                </button>
              </div>
            </div>
            <div
              class="QxOffsetDayBlock QxOffsetDayBlock_size_large QxOffsetDayBlock_isHoveredPeriod css-1i4h695-QxOffsetDayBlock-root"
            />
            <div
              class="QxDayBlock QxDayBlock_size_large QxDayBlock_borderRadius_small QxDayBlock_numDay_1 QxDayBlock_isDayTrusted QxDayBlock_isHoveredPeriod QxDayBlock_isDayInViewableMonth QxDayBlock_type_PICKER css-y19mdj-QxDayBlock-root"
            >
              <div
                class="QxDayBlock-dayContainer css-1u7faut-QxDayBlock-dayContainer"
              >
                <button
                  class="QxDayBlock-day css-t0avhv-QxDayBlock-day"
                  type="button"
                >
                  <time
                    datetime="2022-09-06 00:00"
                  >
                    6
                  </time>
                </button>
              </div>
            </div>
            <div
              class="QxOffsetDayBlock QxOffsetDayBlock_size_large QxOffsetDayBlock_isHoveredPeriod css-1i4h695-QxOffsetDayBlock-root"
            />
            <div
              class="QxDayBlock QxDayBlock_size_large QxDayBlock_borderRadius_small QxDayBlock_numDay_2 QxDayBlock_isDayTrusted QxDayBlock_isHoveredPeriod QxDayBlock_isDayInViewableMonth QxDayBlock_type_PICKER css-y19mdj-QxDayBlock-root"
            >
              <div
                class="QxDayBlock-dayContainer css-1u7faut-QxDayBlock-dayContainer"
              >
                <button
                  class="QxDayBlock-day css-t0avhv-QxDayBlock-day"
                  type="button"
                >
                  <time
                    datetime="2022-09-07 00:00"
                  >
                    7
                  </time>
                </button>
              </div>
            </div>
            <div
              class="QxOffsetDayBlock QxOffsetDayBlock_size_large QxOffsetDayBlock_isHoveredPeriod css-1i4h695-QxOffsetDayBlock-root"
            />
            <div
              class="QxDayBlock QxDayBlock_size_large QxDayBlock_borderRadius_small QxDayBlock_numDay_3 QxDayBlock_isDayTrusted QxDayBlock_isHoveredPeriod QxDayBlock_isDayInViewableMonth QxDayBlock_type_PICKER css-y19mdj-QxDayBlock-root"
            >
              <div
                class="QxDayBlock-dayContainer css-1u7faut-QxDayBlock-dayContainer"
              >
                <button
                  class="QxDayBlock-day css-t0avhv-QxDayBlock-day"
                  type="button"
                >
                  <time
                    datetime="2022-09-08 00:00"
                  >
                    8
                  </time>
                </button>
              </div>
            </div>
            <div
              class="QxOffsetDayBlock QxOffsetDayBlock_size_large QxOffsetDayBlock_isHoveredPeriod css-1i4h695-QxOffsetDayBlock-root"
            />
            <div
              class="QxDayBlock QxDayBlock_size_large QxDayBlock_borderRadius_small QxDayBlock_numDay_4 QxDayBlock_isDayTrusted QxDayBlock_isHoveredPeriod QxDayBlock_isDayInViewableMonth QxDayBlock_type_PICKER css-y19mdj-QxDayBlock-root"
            >
              <div
                class="QxDayBlock-dayContainer css-1u7faut-QxDayBlock-dayContainer"
              >
                <button
                  class="QxDayBlock-day css-t0avhv-QxDayBlock-day"
                  type="button"
                >
                  <time
                    datetime="2022-09-09 00:00"
                  >
                    9
                  </time>
                </button>
              </div>
            </div>
            <div
              class="QxOffsetDayBlock QxOffsetDayBlock_size_large QxOffsetDayBlock_isHoveredPeriod css-1i4h695-QxOffsetDayBlock-root"
            />
            <div
              class="QxDayBlock QxDayBlock_size_large QxDayBlock_borderRadius_small QxDayBlock_numDay_5 QxDayBlock_isDayTrusted QxDayBlock_isHoveredPeriod QxDayBlock_isDayInViewableMonth QxDayBlock_type_PICKER css-y19mdj-QxDayBlock-root"
            >
              <div
                class="QxDayBlock-dayContainer css-1u7faut-QxDayBlock-dayContainer"
              >
                <button
                  class="QxDayBlock-day css-t0avhv-QxDayBlock-day"
                  type="button"
                >
                  <time
                    datetime="2022-09-10 00:00"
                  >
                    10
                  </time>
                </button>
              </div>
            </div>
            <div
              class="QxOffsetDayBlock QxOffsetDayBlock_size_large QxOffsetDayBlock_isHoveredPeriod css-1i4h695-QxOffsetDayBlock-root"
            />
            <div
              class="QxDayBlock QxDayBlock_size_large QxDayBlock_borderRadius_small QxDayBlock_numDay_6 QxDayBlock_isDayTrusted QxDayBlock_isHoveredPeriod QxDayBlock_isDayInViewableMonth QxDayBlock_type_PICKER css-y19mdj-QxDayBlock-root"
            >
              <div
                class="QxDayBlock-dayContainer css-g55n9x-QxDayBlock-dayContainer"
              >
                <button
                  class="QxDayBlock-day css-t0avhv-QxDayBlock-day"
                  type="button"
                >
                  <time
                    datetime="2022-09-11 00:00"
                  >
                    11
                  </time>
                </button>
              </div>
            </div>
            <div
              class="QxDayBlock QxDayBlock_size_large QxDayBlock_borderRadius_small QxDayBlock_isDayTrusted QxDayBlock_isHoveredPeriod QxDayBlock_isDayInViewableMonth QxDayBlock_type_PICKER css-y19mdj-QxDayBlock-root"
            >
              <div
                class="QxDayBlock-dayContainer css-1gk70tr-QxDayBlock-dayContainer"
              >
                <button
                  class="QxDayBlock-day css-t0avhv-QxDayBlock-day"
                  type="button"
                >
                  <time
                    datetime="2022-09-12 00:00"
                  >
                    12
                  </time>
                </button>
              </div>
            </div>
            <div
              class="QxOffsetDayBlock QxOffsetDayBlock_size_large QxOffsetDayBlock_isHoveredPeriod css-1i4h695-QxOffsetDayBlock-root"
            />
            <div
              class="QxDayBlock QxDayBlock_size_large QxDayBlock_borderRadius_small QxDayBlock_numDay_1 QxDayBlock_isDayTrusted QxDayBlock_isHoveredPeriod QxDayBlock_isDayInViewableMonth QxDayBlock_type_PICKER css-y19mdj-QxDayBlock-root"
            >
              <div
                class="QxDayBlock-dayContainer css-1u7faut-QxDayBlock-dayContainer"
              >
                <button
                  class="QxDayBlock-day css-t0avhv-QxDayBlock-day"
                  type="button"
                >
                  <time
                    datetime="2022-09-13 00:00"
                  >
                    13
                  </time>
                </button>
              </div>
            </div>
            <div
              class="QxOffsetDayBlock QxOffsetDayBlock_size_large QxOffsetDayBlock_isHoveredPeriod css-1i4h695-QxOffsetDayBlock-root"
            />
            <div
              class="QxDayBlock QxDayBlock_size_large QxDayBlock_borderRadius_small QxDayBlock_numDay_2 QxDayBlock_isDayTrusted QxDayBlock_isHoveredPeriod QxDayBlock_isDayInViewableMonth QxDayBlock_type_PICKER css-y19mdj-QxDayBlock-root"
            >
              <div
                class="QxDayBlock-dayContainer css-1u7faut-QxDayBlock-dayContainer"
              >
                <button
                  class="QxDayBlock-day css-t0avhv-QxDayBlock-day"
                  type="button"
                >
                  <time
                    datetime="2022-09-14 00:00"
                  >
                    14
                  </time>
                </button>
              </div>
            </div>
            <div
              class="QxOffsetDayBlock QxOffsetDayBlock_size_large QxOffsetDayBlock_isHoveredPeriod css-1i4h695-QxOffsetDayBlock-root"
            />
            <div
              class="QxDayBlock QxDayBlock_size_large QxDayBlock_borderRadius_small QxDayBlock_numDay_3 QxDayBlock_isDayTrusted QxDayBlock_isHoveredPeriod QxDayBlock_isDayInViewableMonth QxDayBlock_type_PICKER css-y19mdj-QxDayBlock-root"
            >
              <div
                class="QxDayBlock-dayContainer css-1u7faut-QxDayBlock-dayContainer"
              >
                <button
                  class="QxDayBlock-day css-t0avhv-QxDayBlock-day"
                  type="button"
                >
                  <time
                    datetime="2022-09-15 00:00"
                  >
                    15
                  </time>
                </button>
              </div>
            </div>
            <div
              class="QxOffsetDayBlock QxOffsetDayBlock_size_large QxOffsetDayBlock_isHoveredPeriod css-1i4h695-QxOffsetDayBlock-root"
            />
            <div
              class="QxDayBlock QxDayBlock_size_large QxDayBlock_borderRadius_small QxDayBlock_numDay_4 QxDayBlock_isDayTrusted QxDayBlock_isHoveredPeriod QxDayBlock_isDayInViewableMonth QxDayBlock_type_PICKER css-y19mdj-QxDayBlock-root"
            >
              <div
                class="QxDayBlock-dayContainer css-1u7faut-QxDayBlock-dayContainer"
              >
                <button
                  class="QxDayBlock-day css-t0avhv-QxDayBlock-day"
                  type="button"
                >
                  <time
                    datetime="2022-09-16 00:00"
                  >
                    16
                  </time>
                </button>
              </div>
            </div>
            <div
              class="QxOffsetDayBlock QxOffsetDayBlock_size_large QxOffsetDayBlock_isHoveredPeriod css-1i4h695-QxOffsetDayBlock-root"
            />
            <div
              class="QxDayBlock QxDayBlock_size_large QxDayBlock_borderRadius_small QxDayBlock_numDay_5 QxDayBlock_isDayTrusted QxDayBlock_isHoveredPeriod QxDayBlock_isDayInViewableMonth QxDayBlock_type_PICKER css-y19mdj-QxDayBlock-root"
            >
              <div
                class="QxDayBlock-dayContainer css-1u7faut-QxDayBlock-dayContainer"
              >
                <button
                  class="QxDayBlock-day css-t0avhv-QxDayBlock-day"
                  type="button"
                >
                  <time
                    datetime="2022-09-17 00:00"
                  >
                    17
                  </time>
                </button>
              </div>
            </div>
            <div
              class="QxOffsetDayBlock QxOffsetDayBlock_size_large QxOffsetDayBlock_isHoveredPeriod css-1i4h695-QxOffsetDayBlock-root"
            />
            <div
              class="QxDayBlock QxDayBlock_size_large QxDayBlock_borderRadius_small QxDayBlock_numDay_6 QxDayBlock_isDayTrusted QxDayBlock_isHoveredPeriod QxDayBlock_isDayInViewableMonth QxDayBlock_type_PICKER css-y19mdj-QxDayBlock-root"
            >
              <div
                class="QxDayBlock-dayContainer css-g55n9x-QxDayBlock-dayContainer"
              >
                <button
                  class="QxDayBlock-day css-t0avhv-QxDayBlock-day"
                  type="button"
                >
                  <time
                    datetime="2022-09-18 00:00"
                  >
                    18
                  </time>
                </button>
              </div>
            </div>
            <div
              class="QxDayBlock QxDayBlock_size_large QxDayBlock_borderRadius_small QxDayBlock_isDayTrusted QxDayBlock_isHoveredPeriod QxDayBlock_isDayInViewableMonth QxDayBlock_type_PICKER css-y19mdj-QxDayBlock-root"
            >
              <div
                class="QxDayBlock-dayContainer css-1gk70tr-QxDayBlock-dayContainer"
              >
                <button
                  class="QxDayBlock-day css-t0avhv-QxDayBlock-day"
                  type="button"
                >
                  <time
                    datetime="2022-09-19 00:00"
                  >
                    19
                  </time>
                </button>
              </div>
            </div>
            <div
              class="QxOffsetDayBlock QxOffsetDayBlock_size_large QxOffsetDayBlock_isHoveredPeriod css-1i4h695-QxOffsetDayBlock-root"
            />
            <div
              class="QxDayBlock QxDayBlock_size_large QxDayBlock_borderRadius_small QxDayBlock_numDay_1 QxDayBlock_isDayTrusted QxDayBlock_isHoveredPeriod QxDayBlock_isDayInViewableMonth QxDayBlock_type_PICKER css-y19mdj-QxDayBlock-root"
            >
              <div
                class="QxDayBlock-dayContainer css-1u7faut-QxDayBlock-dayContainer"
              >
                <button
                  class="QxDayBlock-day css-t0avhv-QxDayBlock-day"
                  type="button"
                >
                  <time
                    datetime="2022-09-20 00:00"
                  >
                    20
                  </time>
                </button>
              </div>
            </div>
            <div
              class="QxOffsetDayBlock QxOffsetDayBlock_size_large QxOffsetDayBlock_isHoveredPeriod css-1i4h695-QxOffsetDayBlock-root"
            />
            <div
              class="QxDayBlock QxDayBlock_size_large QxDayBlock_borderRadius_small QxDayBlock_numDay_2 QxDayBlock_isDayTrusted QxDayBlock_isHoveredPeriod QxDayBlock_isDayInViewableMonth QxDayBlock_type_PICKER css-y19mdj-QxDayBlock-root"
            >
              <div
                class="QxDayBlock-dayContainer css-1u7faut-QxDayBlock-dayContainer"
              >
                <button
                  class="QxDayBlock-day css-t0avhv-QxDayBlock-day"
                  type="button"
                >
                  <time
                    datetime="2022-09-21 00:00"
                  >
                    21
                  </time>
                </button>
              </div>
            </div>
            <div
              class="QxOffsetDayBlock QxOffsetDayBlock_size_large QxOffsetDayBlock_isHoveredPeriod css-1i4h695-QxOffsetDayBlock-root"
            />
            <div
              class="QxDayBlock QxDayBlock_size_large QxDayBlock_borderRadius_small QxDayBlock_numDay_3 QxDayBlock_isDayTrusted QxDayBlock_isHoveredPeriod QxDayBlock_isDayInViewableMonth QxDayBlock_type_PICKER css-y19mdj-QxDayBlock-root"
            >
              <div
                class="QxDayBlock-dayContainer css-1u7faut-QxDayBlock-dayContainer"
              >
                <button
                  class="QxDayBlock-day css-t0avhv-QxDayBlock-day"
                  type="button"
                >
                  <time
                    datetime="2022-09-22 00:00"
                  >
                    22
                  </time>
                </button>
              </div>
            </div>
            <div
              class="QxOffsetDayBlock QxOffsetDayBlock_size_large QxOffsetDayBlock_isHoveredPeriod css-1i4h695-QxOffsetDayBlock-root"
            />
            <div
              class="QxDayBlock QxDayBlock_size_large QxDayBlock_borderRadius_small QxDayBlock_numDay_4 QxDayBlock_isDayTrusted QxDayBlock_isHoveredPeriod QxDayBlock_isDayInViewableMonth QxDayBlock_type_PICKER css-y19mdj-QxDayBlock-root"
            >
              <div
                class="QxDayBlock-dayContainer css-1u7faut-QxDayBlock-dayContainer"
              >
                <button
                  class="QxDayBlock-day css-t0avhv-QxDayBlock-day"
                  type="button"
                >
                  <time
                    datetime="2022-09-23 00:00"
                  >
                    23
                  </time>
                </button>
              </div>
            </div>
            <div
              class="QxOffsetDayBlock QxOffsetDayBlock_size_large QxOffsetDayBlock_isHoveredPeriod css-1i4h695-QxOffsetDayBlock-root"
            />
            <div
              class="QxDayBlock QxDayBlock_size_large QxDayBlock_borderRadius_small QxDayBlock_numDay_5 QxDayBlock_isDayTrusted QxDayBlock_isHoveredPeriod QxDayBlock_isDayInViewableMonth QxDayBlock_type_PICKER css-y19mdj-QxDayBlock-root"
            >
              <div
                class="QxDayBlock-dayContainer css-1u7faut-QxDayBlock-dayContainer"
              >
                <button
                  class="QxDayBlock-day css-t0avhv-QxDayBlock-day"
                  type="button"
                >
                  <time
                    datetime="2022-09-24 00:00"
                  >
                    24
                  </time>
                </button>
              </div>
            </div>
            <div
              class="QxOffsetDayBlock QxOffsetDayBlock_size_large QxOffsetDayBlock_isHoveredPeriod css-1i4h695-QxOffsetDayBlock-root"
            />
            <div
              class="QxDayBlock QxDayBlock_size_large QxDayBlock_borderRadius_small QxDayBlock_numDay_6 QxDayBlock_isDayTrusted QxDayBlock_isHoveredPeriod QxDayBlock_isDayInViewableMonth QxDayBlock_type_PICKER css-y19mdj-QxDayBlock-root"
            >
              <div
                class="QxDayBlock-dayContainer css-g55n9x-QxDayBlock-dayContainer"
              >
                <button
                  class="QxDayBlock-day css-t0avhv-QxDayBlock-day"
                  type="button"
                >
                  <time
                    datetime="2022-09-25 00:00"
                  >
                    25
                  </time>
                </button>
              </div>
            </div>
            <div
              class="QxDayBlock QxDayBlock_size_large QxDayBlock_borderRadius_small QxDayBlock_isDayTrusted QxDayBlock_isHoveredPeriod QxDayBlock_isDayInViewableMonth QxDayBlock_type_PICKER css-y19mdj-QxDayBlock-root"
            >
              <div
                class="QxDayBlock-dayContainer css-1gk70tr-QxDayBlock-dayContainer"
              >
                <button
                  class="QxDayBlock-day css-t0avhv-QxDayBlock-day"
                  type="button"
                >
                  <time
                    datetime="2022-09-26 00:00"
                  >
                    26
                  </time>
                </button>
              </div>
            </div>
            <div
              class="QxOffsetDayBlock QxOffsetDayBlock_size_large QxOffsetDayBlock_isHoveredPeriod css-1i4h695-QxOffsetDayBlock-root"
            />
            <div
              class="QxDayBlock QxDayBlock_size_large QxDayBlock_borderRadius_small QxDayBlock_numDay_1 QxDayBlock_isDayTrusted QxDayBlock_isHoveredPeriod QxDayBlock_isDayInViewableMonth QxDayBlock_type_PICKER css-y19mdj-QxDayBlock-root"
            >
              <div
                class="QxDayBlock-dayContainer css-1u7faut-QxDayBlock-dayContainer"
              >
                <button
                  class="QxDayBlock-day css-t0avhv-QxDayBlock-day"
                  type="button"
                >
                  <time
                    datetime="2022-09-27 00:00"
                  >
                    27
                  </time>
                </button>
              </div>
            </div>
            <div
              class="QxOffsetDayBlock QxOffsetDayBlock_size_large QxOffsetDayBlock_isHoveredPeriod css-1i4h695-QxOffsetDayBlock-root"
            />
            <div
              class="QxDayBlock QxDayBlock_size_large QxDayBlock_borderRadius_small QxDayBlock_numDay_2 QxDayBlock_isDayTrusted QxDayBlock_isHoveredPeriod QxDayBlock_isDayInViewableMonth QxDayBlock_type_PICKER css-y19mdj-QxDayBlock-root"
            >
              <div
                class="QxDayBlock-dayContainer css-1u7faut-QxDayBlock-dayContainer"
              >
                <button
                  class="QxDayBlock-day css-t0avhv-QxDayBlock-day"
                  type="button"
                >
                  <time
                    datetime="2022-09-28 00:00"
                  >
                    28
                  </time>
                </button>
              </div>
            </div>
            <div
              class="QxOffsetDayBlock QxOffsetDayBlock_size_large QxOffsetDayBlock_isHoveredPeriod css-1i4h695-QxOffsetDayBlock-root"
            />
            <div
              class="QxDayBlock QxDayBlock_size_large QxDayBlock_borderRadius_small QxDayBlock_numDay_3 QxDayBlock_isDayTrusted QxDayBlock_isHoveredPeriod QxDayBlock_isDayInViewableMonth QxDayBlock_type_PICKER css-y19mdj-QxDayBlock-root"
            >
              <div
                class="QxDayBlock-dayContainer css-1u7faut-QxDayBlock-dayContainer"
              >
                <button
                  class="QxDayBlock-day css-t0avhv-QxDayBlock-day"
                  type="button"
                >
                  <time
                    datetime="2022-09-29 00:00"
                  >
                    29
                  </time>
                </button>
              </div>
            </div>
            <div
              class="QxOffsetDayBlock QxOffsetDayBlock_size_large QxOffsetDayBlock_isHoveredPeriod css-1i4h695-QxOffsetDayBlock-root"
            />
            <div
              class="QxDayBlock QxDayBlock_size_large QxDayBlock_borderRadius_small QxDayBlock_numDay_4 QxDayBlock_isDayTrusted QxDayBlock_isHoveredPeriod QxDayBlock_isDayInViewableMonth QxDayBlock_type_PICKER css-y19mdj-QxDayBlock-root"
            >
              <div
                class="QxDayBlock-dayContainer css-1u7faut-QxDayBlock-dayContainer"
              >
                <button
                  class="QxDayBlock-day css-t0avhv-QxDayBlock-day"
                  type="button"
                >
                  <time
                    datetime="2022-09-30 00:00"
                  >
                    30
                  </time>
                </button>
              </div>
            </div>
            <div
              class="QxOffsetDayBlock QxOffsetDayBlock_size_large QxOffsetDayBlock_isHoveredPeriod css-1i4h695-QxOffsetDayBlock-root"
            />
            <div
              class="QxDayBlock QxDayBlock_size_large QxDayBlock_borderRadius_small QxDayBlock_numDay_5 QxDayBlock_isDayTrusted QxDayBlock_isHoveredPeriod QxDayBlock_type_PICKER css-y19mdj-QxDayBlock-root"
            >
              <div
                class="QxDayBlock-dayContainer css-1u7faut-QxDayBlock-dayContainer"
              >
                <button
                  class="QxDayBlock-day css-hnlr5q-QxDayBlock-day"
                  type="button"
                >
                  <time
                    datetime="2022-10-01 00:00"
                  >
                    1
                  </time>
                </button>
              </div>
            </div>
            <div
              class="QxOffsetDayBlock QxOffsetDayBlock_size_large QxOffsetDayBlock_isHoveredPeriod css-1i4h695-QxOffsetDayBlock-root"
            />
            <div
              class="QxDayBlock QxDayBlock_size_large QxDayBlock_borderRadius_small QxDayBlock_numDay_6 QxDayBlock_isDayTrusted QxDayBlock_isHoveredPeriod QxDayBlock_type_PICKER css-y19mdj-QxDayBlock-root"
            >
              <div
                class="QxDayBlock-dayContainer css-g55n9x-QxDayBlock-dayContainer"
              >
                <button
                  class="QxDayBlock-day css-hnlr5q-QxDayBlock-day"
                  type="button"
                >
                  <time
                    datetime="2022-10-02 00:00"
                  >
                    2
                  </time>
                </button>
              </div>
            </div>
          </div>
        </div>
      </div>
    </div>
    <div
      class="QxFooterDatePicker QxFooterDatePicker_size_large css-7nb4f1-QxFooterDatePicker-root"
    >
      <div
        class="QxTextField QxTextField_borderRadius_small QxTextField_size_large QxTextField_colorBase_main QxTextField_clearIconVisibleOn_interact QxTextField_counterVisibleOn_focus QxFooterDatePicker-selectedTime css-1v4bu99-QxTextField-root-QxFooterDatePicker-selectedTime"
      >
        <div
          class="QxTextField-field css-16jtwkf-QxTextField-field"
        >
          <div
            class="QxTextField-content css-ik6ies-QxTextField-content"
          >
            <div
              class="QxTextField-label css-1tncotx-QxFooterDatePicker-labelTimeTextField-QxTextField-label"
            >
              Время
            </div>
            <input
              class="QxTextField-input css-1fmppir-QxTextField-input"
              size="8"
              value=""
            />
          </div>
          <div
            class="QxTextField-rightItem QxTextField-sideItem css-660pa-QxTextField-rightItem-QxTextField-sideItem-RightItem"
          >
            <div
              class="QxTextField-closeIcon css-1ko6osw-QxTextField-closeIcon"
            >
              <svg
                fill="none"
                height="24"
                viewBox="0 0 24 24"
                width="24"
                xmlns="http://www.w3.org/2000/svg"
              >
                <path
                  d="M7.70714 17.7071C7.31661 18.0976 6.68345 18.0976 6.29292 17.7071C5.9024 17.3166 5.9024 16.6834 6.29292 16.2929L10.5858 12L6.29293 7.70711C5.9024 7.31658 5.9024 6.68342 6.29293 6.29289C6.68345 5.90237 7.31662 5.90237 7.70714 6.29289L12 10.5858L16.2929 6.29289C16.6834 5.90237 17.3166 5.90237 17.7071 6.29289C18.0977 6.68342 18.0977 7.31658 17.7071 7.70711L13.4142 12L17.7071 16.2929C18.0977 16.6834 18.0977 17.3166 17.7071 17.7071C17.3166 18.0976 16.6834 18.0976 16.2929 17.7071L12 13.4142L7.70714 17.7071Z"
                  fill="currentColor"
                />
              </svg>
            </div>
          </div>
        </div>
        <div
          class="QxTextField-bottom css-yg0qi0-QxTextField-bottom"
        >
          <div
            class="QxTextField-bottomText css-3ykfv-QxTextField-bottomText"
          />
        </div>
      </div>
    </div>
  </div>
</DocumentFragment>
`;
