// Jest Snapshot v1, https://goo.gl/fbAQLP

exports[`RadioButtonSelection default snapshot 1`] = `
<DocumentFragment>
  <div
    class="QxSelection QxSelection_size_medium QxSelection_styleHover_default QxSelection_borderRadius_smooth QxRadioButtonSelection css-1e56tu3-QxSelection-root"
  >
    <div
      class="QxSelection-leftAdornment css-1xv7td9-QxSelection-leftAdornment"
    >
      <label
        class="QxRadioButton QxRadioButton_size_medium QxRadioButton_color_brand QxRadioButton_disableFocus QxRadioButton_position_left css-144omum-QxRadioButton-root"
      >
        <input
          class="QxRadioButton-input css-l1mh22-QxRadioButton-input"
          type="radio"
          value=""
        />
        <div
          class="QxRadioButton-marker css-n013xa-QxRadioButton-marker"
        >
          <div
            class="QxRadioButton-markerDot css-1cuw3c2-QxRadioButton-markerDot"
          />
        </div>
      </label>
    </div>
    <div
      class="QxSelection-text css-4p6ohz-QxSelection-text"
    >
      <div
        class="QxSelection-title css-11y2um3-QxSelection-title"
      >
        RadioButtonSelection
      </div>
    </div>
  </div>
</DocumentFragment>
`;
