// Jest Snapshot v1, https://goo.gl/fbAQLP

exports[`Button snapshots borderRadius-large 1`] = `
<DocumentFragment>
  <button
    class="SxBaseButton SxBaseButton_size_medium SxBaseButton_color_brand SxBaseButton_type_contained SxBaseButton_borderRadius_large SxButton SxButton_size_medium css-1d3mc0e-SxBaseButton-root-SxButton-root"
    type="button"
  >
    <div
      class="SxButton-content css-15h85ex-SxButton-content"
    >
      Button
    </div>
  </button>
</DocumentFragment>
`;

exports[`Button snapshots borderRadius-small 1`] = `
<DocumentFragment>
  <button
    class="SxBaseButton SxBaseButton_size_medium SxBaseButton_color_brand SxBaseButton_type_contained SxBaseButton_borderRadius_small SxButton SxButton_size_medium css-1v9jg59-SxBaseButton-root-SxButton-root"
    type="button"
  >
    <div
      class="SxButton-content css-15h85ex-SxButton-content"
    >
      Button
    </div>
  </button>
</DocumentFragment>
`;

exports[`Button snapshots borderRadius-xLarge 1`] = `
<DocumentFragment>
  <button
    class="SxBaseButton SxBaseButton_size_medium SxBaseButton_color_brand SxBaseButton_type_contained SxBaseButton_borderRadius_xLarge SxButton SxButton_size_medium css-49vy11-SxBaseButton-root-SxButton-root"
    type="button"
  >
    <div
      class="SxButton-content css-15h85ex-SxButton-content"
    >
      Button
    </div>
  </button>
</DocumentFragment>
`;

exports[`Button snapshots borderRadius-xSmall 1`] = `
<DocumentFragment>
  <button
    class="SxBaseButton SxBaseButton_size_medium SxBaseButton_color_brand SxBaseButton_type_contained SxBaseButton_borderRadius_xSmall SxButton SxButton_size_medium css-5a5zi-SxBaseButton-root-SxButton-root"
    type="button"
  >
    <div
      class="SxButton-content css-15h85ex-SxButton-content"
    >
      Button
    </div>
  </button>
</DocumentFragment>
`;

exports[`Button snapshots danger 1`] = `
<DocumentFragment>
  <button
    class="SxBaseButton SxBaseButton_size_medium SxBaseButton_color_danger SxBaseButton_type_contained SxBaseButton_borderRadius_medium SxButton SxButton_size_medium css-vv0jgs-SxBaseButton-root-SxButton-root"
    type="button"
  >
    <div
      class="SxButton-content css-15h85ex-SxButton-content"
    >
      Button
    </div>
  </button>
</DocumentFragment>
`;

exports[`Button snapshots default 1`] = `
<DocumentFragment>
  <button
    class="SxBaseButton SxBaseButton_size_medium SxBaseButton_color_brand SxBaseButton_type_contained SxBaseButton_borderRadius_medium SxButton SxButton_size_medium css-zfb1fy-SxBaseButton-root-SxButton-root"
    type="button"
  >
    <div
      class="SxButton-content css-15h85ex-SxButton-content"
    >
      Button
    </div>
  </button>
</DocumentFragment>
`;

exports[`Button snapshots disabled 1`] = `
<DocumentFragment>
  <button
    class="SxBaseButton SxBaseButton_size_medium SxBaseButton_color_brand SxBaseButton_type_contained SxBaseButton_borderRadius_medium SxBaseButton_disabled SxButton SxButton_size_medium css-14ynjet-SxBaseButton-root-SxButton-root"
    disabled=""
    type="button"
  >
    <div
      class="SxButton-content css-15h85ex-SxButton-content"
    >
      Button
    </div>
  </button>
</DocumentFragment>
`;

exports[`Button snapshots info 1`] = `
<DocumentFragment>
  <button
    class="SxBaseButton SxBaseButton_size_medium SxBaseButton_color_info SxBaseButton_type_contained SxBaseButton_borderRadius_medium SxButton SxButton_size_medium css-12pbajn-SxBaseButton-root-SxButton-root"
    type="button"
  >
    <div
      class="SxButton-content css-15h85ex-SxButton-content"
    >
      Button
    </div>
  </button>
</DocumentFragment>
`;

exports[`Button snapshots loading 1`] = `
<DocumentFragment>
  <button
    class="SxBaseButton SxBaseButton_size_medium SxBaseButton_color_brand SxBaseButton_type_contained SxBaseButton_borderRadius_medium SxBaseButton_loading SxButton SxButton_size_medium SxButton_loading css-1dqnff7-SxBaseButton-root-SxButton-root"
    disabled=""
    type="button"
  >
    <div
      class="SxButton-content css-16bg0a3-SxButton-content"
    >
      Button
    </div>
    <div
      class="SxLoader SxLoader_size_base SxButton-loader css-1nxool5-SxLoader-root-SxButton-loader"
    >
      <div
        class="SxLoader-dot css-197lm1k-SxLoader-dot"
      />
      <div
        class="SxLoader-dot css-197lm1k-SxLoader-dot"
      />
      <div
        class="SxLoader-dot css-197lm1k-SxLoader-dot"
      />
    </div>
  </button>
</DocumentFragment>
`;

exports[`Button snapshots outlined 1`] = `
<DocumentFragment>
  <button
    class="SxBaseButton SxBaseButton_size_medium SxBaseButton_color_brand SxBaseButton_type_outlined SxBaseButton_borderRadius_medium SxButton SxButton_size_medium css-ev2je6-SxBaseButton-root-SxButton-root"
    type="button"
  >
    <div
      class="SxButton-content css-15h85ex-SxButton-content"
    >
      Button
    </div>
  </button>
</DocumentFragment>
`;

exports[`Button snapshots secondary 1`] = `
<DocumentFragment>
  <button
    class="SxBaseButton SxBaseButton_size_medium SxBaseButton_color_secondary SxBaseButton_type_contained SxBaseButton_borderRadius_medium SxButton SxButton_size_medium css-2rlrfs-SxBaseButton-root-SxButton-root"
    type="button"
  >
    <div
      class="SxButton-content css-15h85ex-SxButton-content"
    >
      Button
    </div>
  </button>
</DocumentFragment>
`;

exports[`Button snapshots size-large 1`] = `
<DocumentFragment>
  <button
    class="SxBaseButton SxBaseButton_size_large SxBaseButton_color_brand SxBaseButton_type_contained SxBaseButton_borderRadius_medium SxButton SxButton_size_large css-95u9hd-SxBaseButton-root-SxButton-root"
    type="button"
  >
    <div
      class="SxButton-content css-15h85ex-SxButton-content"
    >
      Button
    </div>
  </button>
</DocumentFragment>
`;

exports[`Button snapshots size-small 1`] = `
<DocumentFragment>
  <button
    class="SxBaseButton SxBaseButton_size_small SxBaseButton_color_brand SxBaseButton_type_contained SxBaseButton_borderRadius_medium SxButton SxButton_size_small css-kml2v-SxBaseButton-root-SxButton-root"
    type="button"
  >
    <div
      class="SxButton-content css-15h85ex-SxButton-content"
    >
      Button
    </div>
  </button>
</DocumentFragment>
`;

exports[`Button snapshots size-xSmall 1`] = `
<DocumentFragment>
  <button
    class="SxBaseButton SxBaseButton_size_xSmall SxBaseButton_color_brand SxBaseButton_type_contained SxBaseButton_borderRadius_medium SxButton SxButton_size_xSmall css-m89fx2-SxBaseButton-root-SxButton-root"
    type="button"
  >
    <div
      class="SxButton-content css-15h85ex-SxButton-content"
    >
      Button
    </div>
  </button>
</DocumentFragment>
`;

exports[`Button snapshots success 1`] = `
<DocumentFragment>
  <button
    class="SxBaseButton SxBaseButton_size_medium SxBaseButton_color_success SxBaseButton_type_contained SxBaseButton_borderRadius_medium SxButton SxButton_size_medium css-19o1xiq-SxBaseButton-root-SxButton-root"
    type="button"
  >
    <div
      class="SxButton-content css-15h85ex-SxButton-content"
    >
      Button
    </div>
  </button>
</DocumentFragment>
`;

exports[`Button snapshots text 1`] = `
<DocumentFragment>
  <button
    class="SxBaseButton SxBaseButton_size_medium SxBaseButton_color_brand SxBaseButton_type_text SxBaseButton_borderRadius_medium SxButton SxButton_size_medium css-iczf9x-SxBaseButton-root-SxButton-root"
    type="button"
  >
    <div
      class="SxButton-content css-15h85ex-SxButton-content"
    >
      Button
    </div>
  </button>
</DocumentFragment>
`;

exports[`Button snapshots warning 1`] = `
<DocumentFragment>
  <button
    class="SxBaseButton SxBaseButton_size_medium SxBaseButton_color_warning SxBaseButton_type_contained SxBaseButton_borderRadius_medium SxButton SxButton_size_medium css-1sq9k0x-SxBaseButton-root-SxButton-root"
    type="button"
  >
    <div
      class="SxButton-content css-15h85ex-SxButton-content"
    >
      Button
    </div>
  </button>
</DocumentFragment>
`;

exports[`IconButton snapshots borderRadius-large 1`] = `
<DocumentFragment>
  <button
    class="SxBaseButton SxBaseButton_size_medium SxBaseButton_color_brand SxBaseButton_type_contained SxBaseButton_borderRadius_large SxIconButton SxIconButton_size_medium css-1hof6pn-SxBaseButton-root-SxIconButton-root"
    type="button"
  >
    <div
      class="SxIconButton-icon css-rgplqb-SxIconButton-icon"
    >
      <svg
        fill="none"
        height="24"
        viewBox="0 0 24 24"
        width="24"
        xmlns="http://www.w3.org/2000/svg"
      >
        <path
          clip-rule="evenodd"
          d="M18.9755 13.1045C21.5163 10.5637 21.5149 6.44569 18.9746 3.9054C16.434 1.36487 12.315 1.36487 9.77451 3.9054L4.19078 9.48913C3.79993 9.87998 3.79993 10.5137 4.19078 10.9045C4.58163 11.2954 5.21532 11.2954 5.60617 10.9045L11.1899 5.32079C12.9487 3.56196 15.8003 3.56196 17.5592 5.32079C19.3182 7.07985 19.3187 9.9305 17.5601 11.6891L10.0262 19.2231C8.99154 20.2577 7.31534 20.2568 6.27848 19.22C5.24273 18.1842 5.24273 16.5049 6.27849 15.4692L13.5961 8.15158C13.9088 7.8389 14.4157 7.8389 14.7284 8.15158C15.0411 8.46426 15.0411 8.97122 14.7284 9.2839L9.35697 14.6553C8.96612 15.0462 8.96612 15.6799 9.35697 16.0707C9.74782 16.4616 10.3815 16.4616 10.7724 16.0707L16.1438 10.6993C17.2382 9.60491 17.2382 7.83057 16.1438 6.73619C15.0494 5.64181 13.2751 5.6418 12.1807 6.73619L4.86309 14.0538C3.04564 15.8712 3.04564 18.8179 4.86309 20.6354C6.67944 22.4517 9.62302 22.457 11.4416 20.6385L18.9755 13.1045Z"
          fill="currentColor"
          fill-rule="evenodd"
        />
      </svg>
    </div>
  </button>
</DocumentFragment>
`;

exports[`IconButton snapshots borderRadius-small 1`] = `
<DocumentFragment>
  <button
    class="SxBaseButton SxBaseButton_size_medium SxBaseButton_color_brand SxBaseButton_type_contained SxBaseButton_borderRadius_small SxIconButton SxIconButton_size_medium css-uieym1-SxBaseButton-root-SxIconButton-root"
    type="button"
  >
    <div
      class="SxIconButton-icon css-rgplqb-SxIconButton-icon"
    >
      <svg
        fill="none"
        height="24"
        viewBox="0 0 24 24"
        width="24"
        xmlns="http://www.w3.org/2000/svg"
      >
        <path
          clip-rule="evenodd"
          d="M18.9755 13.1045C21.5163 10.5637 21.5149 6.44569 18.9746 3.9054C16.434 1.36487 12.315 1.36487 9.77451 3.9054L4.19078 9.48913C3.79993 9.87998 3.79993 10.5137 4.19078 10.9045C4.58163 11.2954 5.21532 11.2954 5.60617 10.9045L11.1899 5.32079C12.9487 3.56196 15.8003 3.56196 17.5592 5.32079C19.3182 7.07985 19.3187 9.9305 17.5601 11.6891L10.0262 19.2231C8.99154 20.2577 7.31534 20.2568 6.27848 19.22C5.24273 18.1842 5.24273 16.5049 6.27849 15.4692L13.5961 8.15158C13.9088 7.8389 14.4157 7.8389 14.7284 8.15158C15.0411 8.46426 15.0411 8.97122 14.7284 9.2839L9.35697 14.6553C8.96612 15.0462 8.96612 15.6799 9.35697 16.0707C9.74782 16.4616 10.3815 16.4616 10.7724 16.0707L16.1438 10.6993C17.2382 9.60491 17.2382 7.83057 16.1438 6.73619C15.0494 5.64181 13.2751 5.6418 12.1807 6.73619L4.86309 14.0538C3.04564 15.8712 3.04564 18.8179 4.86309 20.6354C6.67944 22.4517 9.62302 22.457 11.4416 20.6385L18.9755 13.1045Z"
          fill="currentColor"
          fill-rule="evenodd"
        />
      </svg>
    </div>
  </button>
</DocumentFragment>
`;

exports[`IconButton snapshots borderRadius-xLarge 1`] = `
<DocumentFragment>
  <button
    class="SxBaseButton SxBaseButton_size_medium SxBaseButton_color_brand SxBaseButton_type_contained SxBaseButton_borderRadius_xLarge SxIconButton SxIconButton_size_medium css-c84pu3-SxBaseButton-root-SxIconButton-root"
    type="button"
  >
    <div
      class="SxIconButton-icon css-rgplqb-SxIconButton-icon"
    >
      <svg
        fill="none"
        height="24"
        viewBox="0 0 24 24"
        width="24"
        xmlns="http://www.w3.org/2000/svg"
      >
        <path
          clip-rule="evenodd"
          d="M18.9755 13.1045C21.5163 10.5637 21.5149 6.44569 18.9746 3.9054C16.434 1.36487 12.315 1.36487 9.77451 3.9054L4.19078 9.48913C3.79993 9.87998 3.79993 10.5137 4.19078 10.9045C4.58163 11.2954 5.21532 11.2954 5.60617 10.9045L11.1899 5.32079C12.9487 3.56196 15.8003 3.56196 17.5592 5.32079C19.3182 7.07985 19.3187 9.9305 17.5601 11.6891L10.0262 19.2231C8.99154 20.2577 7.31534 20.2568 6.27848 19.22C5.24273 18.1842 5.24273 16.5049 6.27849 15.4692L13.5961 8.15158C13.9088 7.8389 14.4157 7.8389 14.7284 8.15158C15.0411 8.46426 15.0411 8.97122 14.7284 9.2839L9.35697 14.6553C8.96612 15.0462 8.96612 15.6799 9.35697 16.0707C9.74782 16.4616 10.3815 16.4616 10.7724 16.0707L16.1438 10.6993C17.2382 9.60491 17.2382 7.83057 16.1438 6.73619C15.0494 5.64181 13.2751 5.6418 12.1807 6.73619L4.86309 14.0538C3.04564 15.8712 3.04564 18.8179 4.86309 20.6354C6.67944 22.4517 9.62302 22.457 11.4416 20.6385L18.9755 13.1045Z"
          fill="currentColor"
          fill-rule="evenodd"
        />
      </svg>
    </div>
  </button>
</DocumentFragment>
`;

exports[`IconButton snapshots borderRadius-xSmall 1`] = `
<DocumentFragment>
  <button
    class="SxBaseButton SxBaseButton_size_medium SxBaseButton_color_brand SxBaseButton_type_contained SxBaseButton_borderRadius_xSmall SxIconButton SxIconButton_size_medium css-cx3ou-SxBaseButton-root-SxIconButton-root"
    type="button"
  >
    <div
      class="SxIconButton-icon css-rgplqb-SxIconButton-icon"
    >
      <svg
        fill="none"
        height="24"
        viewBox="0 0 24 24"
        width="24"
        xmlns="http://www.w3.org/2000/svg"
      >
        <path
          clip-rule="evenodd"
          d="M18.9755 13.1045C21.5163 10.5637 21.5149 6.44569 18.9746 3.9054C16.434 1.36487 12.315 1.36487 9.77451 3.9054L4.19078 9.48913C3.79993 9.87998 3.79993 10.5137 4.19078 10.9045C4.58163 11.2954 5.21532 11.2954 5.60617 10.9045L11.1899 5.32079C12.9487 3.56196 15.8003 3.56196 17.5592 5.32079C19.3182 7.07985 19.3187 9.9305 17.5601 11.6891L10.0262 19.2231C8.99154 20.2577 7.31534 20.2568 6.27848 19.22C5.24273 18.1842 5.24273 16.5049 6.27849 15.4692L13.5961 8.15158C13.9088 7.8389 14.4157 7.8389 14.7284 8.15158C15.0411 8.46426 15.0411 8.97122 14.7284 9.2839L9.35697 14.6553C8.96612 15.0462 8.96612 15.6799 9.35697 16.0707C9.74782 16.4616 10.3815 16.4616 10.7724 16.0707L16.1438 10.6993C17.2382 9.60491 17.2382 7.83057 16.1438 6.73619C15.0494 5.64181 13.2751 5.6418 12.1807 6.73619L4.86309 14.0538C3.04564 15.8712 3.04564 18.8179 4.86309 20.6354C6.67944 22.4517 9.62302 22.457 11.4416 20.6385L18.9755 13.1045Z"
          fill="currentColor"
          fill-rule="evenodd"
        />
      </svg>
    </div>
  </button>
</DocumentFragment>
`;

exports[`IconButton snapshots danger 1`] = `
<DocumentFragment>
  <button
    class="SxBaseButton SxBaseButton_size_medium SxBaseButton_color_danger SxBaseButton_type_contained SxBaseButton_borderRadius_medium SxIconButton SxIconButton_size_medium css-1qjsl3w-SxBaseButton-root-SxIconButton-root"
    type="button"
  >
    <div
      class="SxIconButton-icon css-rgplqb-SxIconButton-icon"
    >
      <svg
        fill="none"
        height="24"
        viewBox="0 0 24 24"
        width="24"
        xmlns="http://www.w3.org/2000/svg"
      >
        <path
          clip-rule="evenodd"
          d="M18.9755 13.1045C21.5163 10.5637 21.5149 6.44569 18.9746 3.9054C16.434 1.36487 12.315 1.36487 9.77451 3.9054L4.19078 9.48913C3.79993 9.87998 3.79993 10.5137 4.19078 10.9045C4.58163 11.2954 5.21532 11.2954 5.60617 10.9045L11.1899 5.32079C12.9487 3.56196 15.8003 3.56196 17.5592 5.32079C19.3182 7.07985 19.3187 9.9305 17.5601 11.6891L10.0262 19.2231C8.99154 20.2577 7.31534 20.2568 6.27848 19.22C5.24273 18.1842 5.24273 16.5049 6.27849 15.4692L13.5961 8.15158C13.9088 7.8389 14.4157 7.8389 14.7284 8.15158C15.0411 8.46426 15.0411 8.97122 14.7284 9.2839L9.35697 14.6553C8.96612 15.0462 8.96612 15.6799 9.35697 16.0707C9.74782 16.4616 10.3815 16.4616 10.7724 16.0707L16.1438 10.6993C17.2382 9.60491 17.2382 7.83057 16.1438 6.73619C15.0494 5.64181 13.2751 5.6418 12.1807 6.73619L4.86309 14.0538C3.04564 15.8712 3.04564 18.8179 4.86309 20.6354C6.67944 22.4517 9.62302 22.457 11.4416 20.6385L18.9755 13.1045Z"
          fill="currentColor"
          fill-rule="evenodd"
        />
      </svg>
    </div>
  </button>
</DocumentFragment>
`;

exports[`IconButton snapshots default 1`] = `
<DocumentFragment>
  <button
    class="SxBaseButton SxBaseButton_size_medium SxBaseButton_color_brand SxBaseButton_type_contained SxBaseButton_borderRadius_medium SxIconButton SxIconButton_size_medium css-1h9426z-SxBaseButton-root-SxIconButton-root"
    type="button"
  >
    <div
      class="SxIconButton-icon css-rgplqb-SxIconButton-icon"
    >
      <svg
        fill="none"
        height="24"
        viewBox="0 0 24 24"
        width="24"
        xmlns="http://www.w3.org/2000/svg"
      >
        <path
          clip-rule="evenodd"
          d="M18.9755 13.1045C21.5163 10.5637 21.5149 6.44569 18.9746 3.9054C16.434 1.36487 12.315 1.36487 9.77451 3.9054L4.19078 9.48913C3.79993 9.87998 3.79993 10.5137 4.19078 10.9045C4.58163 11.2954 5.21532 11.2954 5.60617 10.9045L11.1899 5.32079C12.9487 3.56196 15.8003 3.56196 17.5592 5.32079C19.3182 7.07985 19.3187 9.9305 17.5601 11.6891L10.0262 19.2231C8.99154 20.2577 7.31534 20.2568 6.27848 19.22C5.24273 18.1842 5.24273 16.5049 6.27849 15.4692L13.5961 8.15158C13.9088 7.8389 14.4157 7.8389 14.7284 8.15158C15.0411 8.46426 15.0411 8.97122 14.7284 9.2839L9.35697 14.6553C8.96612 15.0462 8.96612 15.6799 9.35697 16.0707C9.74782 16.4616 10.3815 16.4616 10.7724 16.0707L16.1438 10.6993C17.2382 9.60491 17.2382 7.83057 16.1438 6.73619C15.0494 5.64181 13.2751 5.6418 12.1807 6.73619L4.86309 14.0538C3.04564 15.8712 3.04564 18.8179 4.86309 20.6354C6.67944 22.4517 9.62302 22.457 11.4416 20.6385L18.9755 13.1045Z"
          fill="currentColor"
          fill-rule="evenodd"
        />
      </svg>
    </div>
  </button>
</DocumentFragment>
`;

exports[`IconButton snapshots disabled 1`] = `
<DocumentFragment>
  <button
    class="SxBaseButton SxBaseButton_size_medium SxBaseButton_color_brand SxBaseButton_type_contained SxBaseButton_borderRadius_medium SxBaseButton_disabled SxIconButton SxIconButton_size_medium css-43p6vx-SxBaseButton-root-SxIconButton-root"
    disabled=""
    type="button"
  >
    <div
      class="SxIconButton-icon css-rgplqb-SxIconButton-icon"
    >
      <svg
        fill="none"
        height="24"
        viewBox="0 0 24 24"
        width="24"
        xmlns="http://www.w3.org/2000/svg"
      >
        <path
          clip-rule="evenodd"
          d="M18.9755 13.1045C21.5163 10.5637 21.5149 6.44569 18.9746 3.9054C16.434 1.36487 12.315 1.36487 9.77451 3.9054L4.19078 9.48913C3.79993 9.87998 3.79993 10.5137 4.19078 10.9045C4.58163 11.2954 5.21532 11.2954 5.60617 10.9045L11.1899 5.32079C12.9487 3.56196 15.8003 3.56196 17.5592 5.32079C19.3182 7.07985 19.3187 9.9305 17.5601 11.6891L10.0262 19.2231C8.99154 20.2577 7.31534 20.2568 6.27848 19.22C5.24273 18.1842 5.24273 16.5049 6.27849 15.4692L13.5961 8.15158C13.9088 7.8389 14.4157 7.8389 14.7284 8.15158C15.0411 8.46426 15.0411 8.97122 14.7284 9.2839L9.35697 14.6553C8.96612 15.0462 8.96612 15.6799 9.35697 16.0707C9.74782 16.4616 10.3815 16.4616 10.7724 16.0707L16.1438 10.6993C17.2382 9.60491 17.2382 7.83057 16.1438 6.73619C15.0494 5.64181 13.2751 5.6418 12.1807 6.73619L4.86309 14.0538C3.04564 15.8712 3.04564 18.8179 4.86309 20.6354C6.67944 22.4517 9.62302 22.457 11.4416 20.6385L18.9755 13.1045Z"
          fill="currentColor"
          fill-rule="evenodd"
        />
      </svg>
    </div>
  </button>
</DocumentFragment>
`;

exports[`IconButton snapshots info 1`] = `
<DocumentFragment>
  <button
    class="SxBaseButton SxBaseButton_size_medium SxBaseButton_color_info SxBaseButton_type_contained SxBaseButton_borderRadius_medium SxIconButton SxIconButton_size_medium css-11pr8ho-SxBaseButton-root-SxIconButton-root"
    type="button"
  >
    <div
      class="SxIconButton-icon css-rgplqb-SxIconButton-icon"
    >
      <svg
        fill="none"
        height="24"
        viewBox="0 0 24 24"
        width="24"
        xmlns="http://www.w3.org/2000/svg"
      >
        <path
          clip-rule="evenodd"
          d="M18.9755 13.1045C21.5163 10.5637 21.5149 6.44569 18.9746 3.9054C16.434 1.36487 12.315 1.36487 9.77451 3.9054L4.19078 9.48913C3.79993 9.87998 3.79993 10.5137 4.19078 10.9045C4.58163 11.2954 5.21532 11.2954 5.60617 10.9045L11.1899 5.32079C12.9487 3.56196 15.8003 3.56196 17.5592 5.32079C19.3182 7.07985 19.3187 9.9305 17.5601 11.6891L10.0262 19.2231C8.99154 20.2577 7.31534 20.2568 6.27848 19.22C5.24273 18.1842 5.24273 16.5049 6.27849 15.4692L13.5961 8.15158C13.9088 7.8389 14.4157 7.8389 14.7284 8.15158C15.0411 8.46426 15.0411 8.97122 14.7284 9.2839L9.35697 14.6553C8.96612 15.0462 8.96612 15.6799 9.35697 16.0707C9.74782 16.4616 10.3815 16.4616 10.7724 16.0707L16.1438 10.6993C17.2382 9.60491 17.2382 7.83057 16.1438 6.73619C15.0494 5.64181 13.2751 5.6418 12.1807 6.73619L4.86309 14.0538C3.04564 15.8712 3.04564 18.8179 4.86309 20.6354C6.67944 22.4517 9.62302 22.457 11.4416 20.6385L18.9755 13.1045Z"
          fill="currentColor"
          fill-rule="evenodd"
        />
      </svg>
    </div>
  </button>
</DocumentFragment>
`;

exports[`IconButton snapshots loading 1`] = `
<DocumentFragment>
  <button
    class="SxBaseButton SxBaseButton_size_medium SxBaseButton_color_brand SxBaseButton_type_contained SxBaseButton_borderRadius_medium SxBaseButton_loading SxIconButton SxIconButton_size_medium SxIconButton_loading css-z3ph7e-SxBaseButton-root-SxIconButton-root"
    disabled=""
    type="button"
  >
    <div
      class="SxIconButton-icon css-qudlwq-SxIconButton-icon"
    >
      <svg
        fill="none"
        height="24"
        viewBox="0 0 24 24"
        width="24"
        xmlns="http://www.w3.org/2000/svg"
      >
        <path
          clip-rule="evenodd"
          d="M18.9755 13.1045C21.5163 10.5637 21.5149 6.44569 18.9746 3.9054C16.434 1.36487 12.315 1.36487 9.77451 3.9054L4.19078 9.48913C3.79993 9.87998 3.79993 10.5137 4.19078 10.9045C4.58163 11.2954 5.21532 11.2954 5.60617 10.9045L11.1899 5.32079C12.9487 3.56196 15.8003 3.56196 17.5592 5.32079C19.3182 7.07985 19.3187 9.9305 17.5601 11.6891L10.0262 19.2231C8.99154 20.2577 7.31534 20.2568 6.27848 19.22C5.24273 18.1842 5.24273 16.5049 6.27849 15.4692L13.5961 8.15158C13.9088 7.8389 14.4157 7.8389 14.7284 8.15158C15.0411 8.46426 15.0411 8.97122 14.7284 9.2839L9.35697 14.6553C8.96612 15.0462 8.96612 15.6799 9.35697 16.0707C9.74782 16.4616 10.3815 16.4616 10.7724 16.0707L16.1438 10.6993C17.2382 9.60491 17.2382 7.83057 16.1438 6.73619C15.0494 5.64181 13.2751 5.6418 12.1807 6.73619L4.86309 14.0538C3.04564 15.8712 3.04564 18.8179 4.86309 20.6354C6.67944 22.4517 9.62302 22.457 11.4416 20.6385L18.9755 13.1045Z"
          fill="currentColor"
          fill-rule="evenodd"
        />
      </svg>
    </div>
    <div
      class="SxLoader SxLoader_size_base SxIconButton-loader css-1yd4sv8-SxLoader-root-SxIconButton-loader"
    >
      <div
        class="SxLoader-dot css-197lm1k-SxLoader-dot"
      />
      <div
        class="SxLoader-dot css-197lm1k-SxLoader-dot"
      />
    </div>
  </button>
</DocumentFragment>
`;

exports[`IconButton snapshots outlined 1`] = `
<DocumentFragment>
  <button
    class="SxBaseButton SxBaseButton_size_medium SxBaseButton_color_brand SxBaseButton_type_outlined SxBaseButton_borderRadius_medium SxIconButton SxIconButton_size_medium css-pzaj9j-SxBaseButton-root-SxIconButton-root"
    type="button"
  >
    <div
      class="SxIconButton-icon css-rgplqb-SxIconButton-icon"
    >
      <svg
        fill="none"
        height="24"
        viewBox="0 0 24 24"
        width="24"
        xmlns="http://www.w3.org/2000/svg"
      >
        <path
          clip-rule="evenodd"
          d="M18.9755 13.1045C21.5163 10.5637 21.5149 6.44569 18.9746 3.9054C16.434 1.36487 12.315 1.36487 9.77451 3.9054L4.19078 9.48913C3.79993 9.87998 3.79993 10.5137 4.19078 10.9045C4.58163 11.2954 5.21532 11.2954 5.60617 10.9045L11.1899 5.32079C12.9487 3.56196 15.8003 3.56196 17.5592 5.32079C19.3182 7.07985 19.3187 9.9305 17.5601 11.6891L10.0262 19.2231C8.99154 20.2577 7.31534 20.2568 6.27848 19.22C5.24273 18.1842 5.24273 16.5049 6.27849 15.4692L13.5961 8.15158C13.9088 7.8389 14.4157 7.8389 14.7284 8.15158C15.0411 8.46426 15.0411 8.97122 14.7284 9.2839L9.35697 14.6553C8.96612 15.0462 8.96612 15.6799 9.35697 16.0707C9.74782 16.4616 10.3815 16.4616 10.7724 16.0707L16.1438 10.6993C17.2382 9.60491 17.2382 7.83057 16.1438 6.73619C15.0494 5.64181 13.2751 5.6418 12.1807 6.73619L4.86309 14.0538C3.04564 15.8712 3.04564 18.8179 4.86309 20.6354C6.67944 22.4517 9.62302 22.457 11.4416 20.6385L18.9755 13.1045Z"
          fill="currentColor"
          fill-rule="evenodd"
        />
      </svg>
    </div>
  </button>
</DocumentFragment>
`;

exports[`IconButton snapshots secondary 1`] = `
<DocumentFragment>
  <button
    class="SxBaseButton SxBaseButton_size_medium SxBaseButton_color_secondary SxBaseButton_type_contained SxBaseButton_borderRadius_medium SxIconButton SxIconButton_size_medium css-wzjao5-SxBaseButton-root-SxIconButton-root"
    type="button"
  >
    <div
      class="SxIconButton-icon css-rgplqb-SxIconButton-icon"
    >
      <svg
        fill="none"
        height="24"
        viewBox="0 0 24 24"
        width="24"
        xmlns="http://www.w3.org/2000/svg"
      >
        <path
          clip-rule="evenodd"
          d="M18.9755 13.1045C21.5163 10.5637 21.5149 6.44569 18.9746 3.9054C16.434 1.36487 12.315 1.36487 9.77451 3.9054L4.19078 9.48913C3.79993 9.87998 3.79993 10.5137 4.19078 10.9045C4.58163 11.2954 5.21532 11.2954 5.60617 10.9045L11.1899 5.32079C12.9487 3.56196 15.8003 3.56196 17.5592 5.32079C19.3182 7.07985 19.3187 9.9305 17.5601 11.6891L10.0262 19.2231C8.99154 20.2577 7.31534 20.2568 6.27848 19.22C5.24273 18.1842 5.24273 16.5049 6.27849 15.4692L13.5961 8.15158C13.9088 7.8389 14.4157 7.8389 14.7284 8.15158C15.0411 8.46426 15.0411 8.97122 14.7284 9.2839L9.35697 14.6553C8.96612 15.0462 8.96612 15.6799 9.35697 16.0707C9.74782 16.4616 10.3815 16.4616 10.7724 16.0707L16.1438 10.6993C17.2382 9.60491 17.2382 7.83057 16.1438 6.73619C15.0494 5.64181 13.2751 5.6418 12.1807 6.73619L4.86309 14.0538C3.04564 15.8712 3.04564 18.8179 4.86309 20.6354C6.67944 22.4517 9.62302 22.457 11.4416 20.6385L18.9755 13.1045Z"
          fill="currentColor"
          fill-rule="evenodd"
        />
      </svg>
    </div>
  </button>
</DocumentFragment>
`;

exports[`IconButton snapshots size-large 1`] = `
<DocumentFragment>
  <button
    class="SxBaseButton SxBaseButton_size_large SxBaseButton_color_brand SxBaseButton_type_contained SxBaseButton_borderRadius_medium SxIconButton SxIconButton_size_large css-1udosn2-SxBaseButton-root-SxIconButton-root"
    type="button"
  >
    <div
      class="SxIconButton-icon css-rgplqb-SxIconButton-icon"
    >
      <svg
        fill="none"
        height="24"
        viewBox="0 0 24 24"
        width="24"
        xmlns="http://www.w3.org/2000/svg"
      >
        <path
          clip-rule="evenodd"
          d="M18.9755 13.1045C21.5163 10.5637 21.5149 6.44569 18.9746 3.9054C16.434 1.36487 12.315 1.36487 9.77451 3.9054L4.19078 9.48913C3.79993 9.87998 3.79993 10.5137 4.19078 10.9045C4.58163 11.2954 5.21532 11.2954 5.60617 10.9045L11.1899 5.32079C12.9487 3.56196 15.8003 3.56196 17.5592 5.32079C19.3182 7.07985 19.3187 9.9305 17.5601 11.6891L10.0262 19.2231C8.99154 20.2577 7.31534 20.2568 6.27848 19.22C5.24273 18.1842 5.24273 16.5049 6.27849 15.4692L13.5961 8.15158C13.9088 7.8389 14.4157 7.8389 14.7284 8.15158C15.0411 8.46426 15.0411 8.97122 14.7284 9.2839L9.35697 14.6553C8.96612 15.0462 8.96612 15.6799 9.35697 16.0707C9.74782 16.4616 10.3815 16.4616 10.7724 16.0707L16.1438 10.6993C17.2382 9.60491 17.2382 7.83057 16.1438 6.73619C15.0494 5.64181 13.2751 5.6418 12.1807 6.73619L4.86309 14.0538C3.04564 15.8712 3.04564 18.8179 4.86309 20.6354C6.67944 22.4517 9.62302 22.457 11.4416 20.6385L18.9755 13.1045Z"
          fill="currentColor"
          fill-rule="evenodd"
        />
      </svg>
    </div>
  </button>
</DocumentFragment>
`;

exports[`IconButton snapshots size-small 1`] = `
<DocumentFragment>
  <button
    class="SxBaseButton SxBaseButton_size_small SxBaseButton_color_brand SxBaseButton_type_contained SxBaseButton_borderRadius_medium SxIconButton SxIconButton_size_small css-alslzt-SxBaseButton-root-SxIconButton-root"
    type="button"
  >
    <div
      class="SxIconButton-icon css-rgplqb-SxIconButton-icon"
    >
      <svg
        fill="none"
        height="24"
        viewBox="0 0 24 24"
        width="24"
        xmlns="http://www.w3.org/2000/svg"
      >
        <path
          clip-rule="evenodd"
          d="M18.9755 13.1045C21.5163 10.5637 21.5149 6.44569 18.9746 3.9054C16.434 1.36487 12.315 1.36487 9.77451 3.9054L4.19078 9.48913C3.79993 9.87998 3.79993 10.5137 4.19078 10.9045C4.58163 11.2954 5.21532 11.2954 5.60617 10.9045L11.1899 5.32079C12.9487 3.56196 15.8003 3.56196 17.5592 5.32079C19.3182 7.07985 19.3187 9.9305 17.5601 11.6891L10.0262 19.2231C8.99154 20.2577 7.31534 20.2568 6.27848 19.22C5.24273 18.1842 5.24273 16.5049 6.27849 15.4692L13.5961 8.15158C13.9088 7.8389 14.4157 7.8389 14.7284 8.15158C15.0411 8.46426 15.0411 8.97122 14.7284 9.2839L9.35697 14.6553C8.96612 15.0462 8.96612 15.6799 9.35697 16.0707C9.74782 16.4616 10.3815 16.4616 10.7724 16.0707L16.1438 10.6993C17.2382 9.60491 17.2382 7.83057 16.1438 6.73619C15.0494 5.64181 13.2751 5.6418 12.1807 6.73619L4.86309 14.0538C3.04564 15.8712 3.04564 18.8179 4.86309 20.6354C6.67944 22.4517 9.62302 22.457 11.4416 20.6385L18.9755 13.1045Z"
          fill="currentColor"
          fill-rule="evenodd"
        />
      </svg>
    </div>
  </button>
</DocumentFragment>
`;

exports[`IconButton snapshots size-xSmall 1`] = `
<DocumentFragment>
  <button
    class="SxBaseButton SxBaseButton_size_xSmall SxBaseButton_color_brand SxBaseButton_type_contained SxBaseButton_borderRadius_medium SxIconButton SxIconButton_size_xSmall css-nb14m-SxBaseButton-root-SxIconButton-root"
    type="button"
  >
    <div
      class="SxIconButton-icon css-rgplqb-SxIconButton-icon"
    >
      <svg
        fill="none"
        height="24"
        viewBox="0 0 24 24"
        width="24"
        xmlns="http://www.w3.org/2000/svg"
      >
        <path
          clip-rule="evenodd"
          d="M18.9755 13.1045C21.5163 10.5637 21.5149 6.44569 18.9746 3.9054C16.434 1.36487 12.315 1.36487 9.77451 3.9054L4.19078 9.48913C3.79993 9.87998 3.79993 10.5137 4.19078 10.9045C4.58163 11.2954 5.21532 11.2954 5.60617 10.9045L11.1899 5.32079C12.9487 3.56196 15.8003 3.56196 17.5592 5.32079C19.3182 7.07985 19.3187 9.9305 17.5601 11.6891L10.0262 19.2231C8.99154 20.2577 7.31534 20.2568 6.27848 19.22C5.24273 18.1842 5.24273 16.5049 6.27849 15.4692L13.5961 8.15158C13.9088 7.8389 14.4157 7.8389 14.7284 8.15158C15.0411 8.46426 15.0411 8.97122 14.7284 9.2839L9.35697 14.6553C8.96612 15.0462 8.96612 15.6799 9.35697 16.0707C9.74782 16.4616 10.3815 16.4616 10.7724 16.0707L16.1438 10.6993C17.2382 9.60491 17.2382 7.83057 16.1438 6.73619C15.0494 5.64181 13.2751 5.6418 12.1807 6.73619L4.86309 14.0538C3.04564 15.8712 3.04564 18.8179 4.86309 20.6354C6.67944 22.4517 9.62302 22.457 11.4416 20.6385L18.9755 13.1045Z"
          fill="currentColor"
          fill-rule="evenodd"
        />
      </svg>
    </div>
  </button>
</DocumentFragment>
`;

exports[`IconButton snapshots success 1`] = `
<DocumentFragment>
  <button
    class="SxBaseButton SxBaseButton_size_medium SxBaseButton_color_success SxBaseButton_type_contained SxBaseButton_borderRadius_medium SxIconButton SxIconButton_size_medium css-zk3m5g-SxBaseButton-root-SxIconButton-root"
    type="button"
  >
    <div
      class="SxIconButton-icon css-rgplqb-SxIconButton-icon"
    >
      <svg
        fill="none"
        height="24"
        viewBox="0 0 24 24"
        width="24"
        xmlns="http://www.w3.org/2000/svg"
      >
        <path
          clip-rule="evenodd"
          d="M18.9755 13.1045C21.5163 10.5637 21.5149 6.44569 18.9746 3.9054C16.434 1.36487 12.315 1.36487 9.77451 3.9054L4.19078 9.48913C3.79993 9.87998 3.79993 10.5137 4.19078 10.9045C4.58163 11.2954 5.21532 11.2954 5.60617 10.9045L11.1899 5.32079C12.9487 3.56196 15.8003 3.56196 17.5592 5.32079C19.3182 7.07985 19.3187 9.9305 17.5601 11.6891L10.0262 19.2231C8.99154 20.2577 7.31534 20.2568 6.27848 19.22C5.24273 18.1842 5.24273 16.5049 6.27849 15.4692L13.5961 8.15158C13.9088 7.8389 14.4157 7.8389 14.7284 8.15158C15.0411 8.46426 15.0411 8.97122 14.7284 9.2839L9.35697 14.6553C8.96612 15.0462 8.96612 15.6799 9.35697 16.0707C9.74782 16.4616 10.3815 16.4616 10.7724 16.0707L16.1438 10.6993C17.2382 9.60491 17.2382 7.83057 16.1438 6.73619C15.0494 5.64181 13.2751 5.6418 12.1807 6.73619L4.86309 14.0538C3.04564 15.8712 3.04564 18.8179 4.86309 20.6354C6.67944 22.4517 9.62302 22.457 11.4416 20.6385L18.9755 13.1045Z"
          fill="currentColor"
          fill-rule="evenodd"
        />
      </svg>
    </div>
  </button>
</DocumentFragment>
`;

exports[`IconButton snapshots text 1`] = `
<DocumentFragment>
  <button
    class="SxBaseButton SxBaseButton_size_medium SxBaseButton_color_brand SxBaseButton_type_text SxBaseButton_borderRadius_medium SxIconButton SxIconButton_size_medium css-1hyhezo-SxBaseButton-root-SxIconButton-root"
    type="button"
  >
    <div
      class="SxIconButton-icon css-rgplqb-SxIconButton-icon"
    >
      <svg
        fill="none"
        height="24"
        viewBox="0 0 24 24"
        width="24"
        xmlns="http://www.w3.org/2000/svg"
      >
        <path
          clip-rule="evenodd"
          d="M18.9755 13.1045C21.5163 10.5637 21.5149 6.44569 18.9746 3.9054C16.434 1.36487 12.315 1.36487 9.77451 3.9054L4.19078 9.48913C3.79993 9.87998 3.79993 10.5137 4.19078 10.9045C4.58163 11.2954 5.21532 11.2954 5.60617 10.9045L11.1899 5.32079C12.9487 3.56196 15.8003 3.56196 17.5592 5.32079C19.3182 7.07985 19.3187 9.9305 17.5601 11.6891L10.0262 19.2231C8.99154 20.2577 7.31534 20.2568 6.27848 19.22C5.24273 18.1842 5.24273 16.5049 6.27849 15.4692L13.5961 8.15158C13.9088 7.8389 14.4157 7.8389 14.7284 8.15158C15.0411 8.46426 15.0411 8.97122 14.7284 9.2839L9.35697 14.6553C8.96612 15.0462 8.96612 15.6799 9.35697 16.0707C9.74782 16.4616 10.3815 16.4616 10.7724 16.0707L16.1438 10.6993C17.2382 9.60491 17.2382 7.83057 16.1438 6.73619C15.0494 5.64181 13.2751 5.6418 12.1807 6.73619L4.86309 14.0538C3.04564 15.8712 3.04564 18.8179 4.86309 20.6354C6.67944 22.4517 9.62302 22.457 11.4416 20.6385L18.9755 13.1045Z"
          fill="currentColor"
          fill-rule="evenodd"
        />
      </svg>
    </div>
  </button>
</DocumentFragment>
`;

exports[`IconButton snapshots warning 1`] = `
<DocumentFragment>
  <button
    class="SxBaseButton SxBaseButton_size_medium SxBaseButton_color_warning SxBaseButton_type_contained SxBaseButton_borderRadius_medium SxIconButton SxIconButton_size_medium css-1dz0y02-SxBaseButton-root-SxIconButton-root"
    type="button"
  >
    <div
      class="SxIconButton-icon css-rgplqb-SxIconButton-icon"
    >
      <svg
        fill="none"
        height="24"
        viewBox="0 0 24 24"
        width="24"
        xmlns="http://www.w3.org/2000/svg"
      >
        <path
          clip-rule="evenodd"
          d="M18.9755 13.1045C21.5163 10.5637 21.5149 6.44569 18.9746 3.9054C16.434 1.36487 12.315 1.36487 9.77451 3.9054L4.19078 9.48913C3.79993 9.87998 3.79993 10.5137 4.19078 10.9045C4.58163 11.2954 5.21532 11.2954 5.60617 10.9045L11.1899 5.32079C12.9487 3.56196 15.8003 3.56196 17.5592 5.32079C19.3182 7.07985 19.3187 9.9305 17.5601 11.6891L10.0262 19.2231C8.99154 20.2577 7.31534 20.2568 6.27848 19.22C5.24273 18.1842 5.24273 16.5049 6.27849 15.4692L13.5961 8.15158C13.9088 7.8389 14.4157 7.8389 14.7284 8.15158C15.0411 8.46426 15.0411 8.97122 14.7284 9.2839L9.35697 14.6553C8.96612 15.0462 8.96612 15.6799 9.35697 16.0707C9.74782 16.4616 10.3815 16.4616 10.7724 16.0707L16.1438 10.6993C17.2382 9.60491 17.2382 7.83057 16.1438 6.73619C15.0494 5.64181 13.2751 5.6418 12.1807 6.73619L4.86309 14.0538C3.04564 15.8712 3.04564 18.8179 4.86309 20.6354C6.67944 22.4517 9.62302 22.457 11.4416 20.6385L18.9755 13.1045Z"
          fill="currentColor"
          fill-rule="evenodd"
        />
      </svg>
    </div>
  </button>
</DocumentFragment>
`;
