// Jest Snapshot v1, https://goo.gl/fbAQLP

exports[`CheckboxSelection default snapshot 1`] = `
<DocumentFragment>
  <div
    class="SxSelection SxSelection_size_medium SxSelection_styleHover_default SxSelection_borderRadius_smooth SxCheckboxSelection css-17zcez7-SxSelection-root"
  >
    <div
      class="SxSelection-leftAdornment css-wgw2ok-SxSelection-leftAdornment"
    >
      <label
        class="SxCheckbox SxCheckbox_size_medium SxCheckbox_color_brand SxCheckbox_borderRadius_smooth SxCheckbox_disableFocus css-1ltgxet-SxCheckbox-root"
      >
        <input
          class="SxCheckbox-input css-hbt4o1-SxCheckbox-input"
          type="checkbox"
          value=""
        />
        <div
          class="SxCheckbox-checkboxContainer css-z2fv0j-SxCheckbox-checkboxContainer"
        >
          <div
            class="SxCheckbox-overlay css-210v0f-SxCheckbox-overlay"
          >
            <svg
              class="SxCheckbox-icon css-2t7ry-SxCheckbox-icon"
              fill="currentcolor"
              height="8"
              viewBox="0 0 11 8"
              width="11"
              xmlns="http://www.w3.org/2000/svg"
            >
              <path
                clip-rule="evenodd"
                d="M2.03616 3.36025C1.68516 3.00925 1.11546 3.00925 0.763559 3.36025C0.411659 3.71215 0.411659 4.28185 0.763559 4.63375L4.09896 7.96915L10.1398 1.93645C10.4917 1.58545 10.4917 1.01575 10.1407 0.663847C9.78876 0.312847 9.21906 0.311947 8.86716 0.662947L4.09986 5.42395L2.03616 3.36025Z"
                fill-rule="evenodd"
              />
            </svg>
          </div>
        </div>
      </label>
    </div>
    <div
      class="SxSelection-text css-vh17dj-SxSelection-text"
    >
      <div
        class="SxSelection-title css-2ugh8p-SxSelection-title"
      >
        CheckboxSelection
      </div>
    </div>
  </div>
</DocumentFragment>
`;
