// Jest Snapshot v1, https://goo.gl/fbAQLP

exports[`Counter Snapshot 1`] = `
<DocumentFragment>
  <span
    class="SxCounter SxCounter_type_filled SxCounter_size_large SxCounter_color_brand css-9229zm-SxCounter-root"
  >
    99
  </span>
</DocumentFragment>
`;
